|Tasks: 339 total,   1 running, 338 sleeping,   0 stopped,   0 zombie            |
|%Cpu(s):  0.0 us,  0.2 sy,  0.0 ni, 99.5 id,  0.0 wa,  0.0 hi,  0.2 si,  0.0 st |
|MiB Mem :   3634.5 total,    236.8 free,   2593.0 used,   1052.0 buff/cache     |
|MiB Swap:   2048.0 total,   1312.0 free,    736.0 used.   1041.6 avail Mem      |
|                                                                                |
|    PID USER      PR  NI    VIRT    RES    SHR S  %CPU  %MEM     TIME+ COMMAND  |
|   9282 root      20   0  240740   6900   5500 S   1.0   0.2   0:00.50 sssd_kcm |
|      1 root      20   0  169836  10432   6976 S   0.0   0.3   0:01.22 systemd  |
|      2 root      20   0       0      0      0 S   0.0   0.0   0:00.02 kthreadd |
|      3 root       0 -20       0      0      0 I   0.0   0.0   0:00.00 rcu_gp   |
|      4 root       0 -20       0      0      0 I   0.0   0.0   0:00.00 rcu_par+ |
|      5 root       0 -20       0      0      0 I   0.0   0.0   0:00.00 slub_fl+ |
|      6 root       0 -20       0      0      0 I   0.0   0.0   0:00.00 netns    |
|      8 root       0 -20       0      0      0 I   0.0   0.0   0:00.00 kworker+ |
|     10 root       0 -20       0      0      0 I   0.0   0.0   0:00.01 kworker+ |
|     11 root       0 -20       0      0      0 I   0.0   0.0   0:00.00 mm_perc+ |
|     13 root      20   0       0      0      0 I   0.0   0.0   0:00.00 rcu_tas+ |
|     14 root      20   0       0      0      0 I   0.0   0.0   0:00.00 rcu_tas+ |
|     15 root      20   0       0      0      0 I   0.0   0.0   0:00.00 rcu_tas+ |
|     16 root      20   0       0      0      0 S   0.0   0.0   0:00.02 ksoftir+ |
|     17 root      20   0       0      0      0 I   0.0   0.0   0:00.56 rcu_pre+ |
|     18 root      rt   0       0      0      0 S   0.0   0.0   0:00.02 migrati+ |
|     20 root      20   0       0      0      0 S   0.0   0.0   0:00.00 cpuhp/0  |
|                                                                                |
cursor=(23,0) visible=true
