|Hello from justerm dogfood capture.                                             |
|Third line for editing.                                                         |
|hird line for editing.  <appended>                                              |
|Fourth line.                                                                    |
|Fifth and last line.                                                            |
|~                                                                               |
|~                                                                               |
|~                                                                               |
|~                                                                               |
|~                                                                               |
|~                                                                               |
|~                                                                               |
|~                                                                               |
|~                                                                               |
|~                                                                               |
|~                                                                               |
|~                                                                               |
|~                                                                               |
|~                                                                               |
|~                                                                               |
|~                                                                               |
|~                                                                               |
|"note.txt" 6L, 151B 저 장  했 습 니 다                                                |
|                                                                                |
cursor=(23,0) visible=true
