|LINE00 xxxxxxxxxxxxxxxxxxxxxxxxxxxxxxxxxxxxxxxxxxxxxxxxxxxxxxxxxxxxxxxxxxxxxxxxx|
|xxxxxxxxxxxxxxxxxxxxxxxxxxxxxxxxxxxxxxxxxxxxxxxxxxxxxxxxxxxxxxxxxxx             |
|LINE01 short body                                                               |
|LINE02 short body                                                               |
|LINE03 short body                                                               |
|LINE04 short body                                                               |
|LINE05 xxxxxxxxxxxxxxxxxxxxxxxxxxxxxxxxxxxxxxxxxxxxxxxxxxxxxxxxxxxxxxxxxxxxxxxxx|
|xxxxxxxxxxxxxxxxxxxxxxxxxxxxxxxxxxxxxxxxxxxxxxxxxxxxxxxxxxxxxxxxxxx             |
|LINE06 short body                                                               |
|LINE07 short body                                                               |
|LINE08 short body                                                               |
|LINE09 short body                                                               |
|LINE10 xxxxxxxxxxxxxxxxxxxxxxxxxxxxxxxxxxxxxxxxxxxxxxxxxxxxxxxxxxxxxxxxxxxxxxxxx|
|xxxxxxxxxxxxxxxxxxxxxxxxxxxxxxxxxxxxxxxxxxxxxxxxxxxxxxxxxxxxxxxxxxx             |
|LINE11 short body                                                               |
|LINE12 short body                                                               |
|LINE13 short body                                                               |
|LINE14 short body                                                               |
|LINE15 xxxxxxxxxxxxxxxxxxxxxxxxxxxxxxxxxxxxxxxxxxxxxxxxxxxxxxxxxxxxxxxxxxxxxxxxx|
|xxxxxxxxxxxxxxxxxxxxxxxxxxxxxxxxxxxxxxxxxxxxxxxxxxxxxxxxxxxxxxxxxxx             |
|LINE16 short body                                                               |
|LINE17 short body                                                               |
|LINE18 short body                                                               |
|                                                                                |
cursor=(23,0) visible=true
