# tmux_clipboard 80x24 bytes=1185 kinds=31
C0 0x0a                x70    -
C0 0x0d                x69    -
CSI 22;0;0t            x1     -
CSI 2J                 x2     frame text
CSI 30m                x3     -
CSI 42m                x3     -
CSI >c                 x1     replies
CSI >q                 x1     -
CSI ?1000l             x4     -
CSI ?1002l             x4     -
CSI ?1003l             x4     -
CSI ?1004l             x1     -
CSI ?1005l             x2     -
CSI ?1006l             x4     -
CSI ?1049h             x1     frame
CSI ?12l               x7     -
CSI ?1h                x1     -
CSI ?1l                x1     keys
CSI ?2004l             x2     -
CSI ?25h               x7     frame
CSI ?25l               x3     -
CSI ?7727h             x1     -
CSI ?7727l             x1     -
CSI H                  x9     -
CSI K                  x69    -
CSI m                  x6     frame
CSI r                  x3     -
ESC (B                 x6     -
ESC =                  x1     -
ESC >                  x1     keys
OSC 52                 x1     events
