# top 80x24 bytes=8758 kinds=14
C0 0x0a                x92    frame text modes
C0 0x0d                x92    frame text modes
CSI ?12l               x1     -
CSI ?1h                x1     -
CSI ?1l                x1     keys
CSI ?25h               x1     frame
CSI ?25l               x3     -
CSI H                  x6     frame text modes
CSI J                  x1     -
CSI K                  x71    frame text
CSI m                  x481   frame
ESC (B                 x240   -
ESC =                  x1     -
ESC >                  x1     keys
