# vim_closed_loop 80x24 bytes=4934 kinds=33
C0 0x0a                x22    frame text
C0 0x0d                x24    frame text
CSI %m                 x1     -
CSI 22t                x3     events
CSI 23t                x2     events
CSI 6n                 x2     replies
CSI >4m                x3     -
CSI >c                 x1     replies
CSI ?1004h             x1     -
CSI ?1004l             x1     focus
CSI ?1049h             x1     frame
CSI ?12$p              x1     replies
CSI ?12h               x1     -
CSI ?12l               x1     frame replies
CSI ?1h                x1     -
CSI ?1l                x1     keys
CSI ?2004h             x1     -
CSI ?2004l             x2     paste
CSI ?25h               x3     frame
CSI ?25l               x3     -
CSI C                  x3     -
CSI H                  x87    frame text replies
CSI J                  x3     frame text
CSI K                  x3     frame text
CSI m                  x18    frame
CSI r                  x1     -
DCS $q                 x1     -
DCS +q                 x10    -
DCS zz                 x1     -
ESC =                  x1     -
ESC >                  x1     keys
OSC 10                 x1     events
OSC 11                 x1     events
