|emsp-name                                                                       |
|ideo-name　                                                                      |
|lines.txt                                                                       |
|mid witness                                                                     |
|nbsp-name                                                                       |
|plain-name                                                                      |
|alpha                                                                           |
|beta　                                                                           |
|gamma                                                                           |
|delta mid run                                                                   |
|omega                                                                           |
|                                                                                |
|                                                                                |
|                                                                                |
|                                                                                |
|                                                                                |
|                                                                                |
|                                                                                |
|                                                                                |
|                                                                                |
|                                                                                |
|                                                                                |
|                                                                                |
|                                                                                |
cursor=(11,0) visible=true
